   Compiling nn v0.1.0 (/home/stalker320/Проекты/rust/nn)
    Finished `release` profile [optimized] target(s) in 6.29s
     Running `target/release/nn`
Epoch: 0/350: loss=0.060246326
Epoch: 1/350: loss=0.028941363
Epoch: 2/350: loss=0.02132265
Epoch: 3/350: loss=0.017196411
Epoch: 4/350: loss=0.014444932
Epoch: 5/350: loss=0.012715671
Epoch: 6/350: loss=0.011430526
Epoch: 7/350: loss=0.0098217735
Epoch: 8/350: loss=0.008486105
Epoch: 9/350: loss=0.008042568
Epoch: 10/350: loss=0.007526017
Epoch: 11/350: loss=0.0062644375
Epoch: 12/350: loss=0.0056224978
Epoch: 13/350: loss=0.0050238105
Epoch: 14/350: loss=0.0048944545
learnrate degradated: 0.43727717
Epoch: 15/350: loss=0.004390585
learnrate degradated: 0.43338764
Epoch: 16/350: loss=0.0038401736
learnrate degradated: 0.4295328
Epoch: 17/350: loss=0.0033460546
learnrate degradated: 0.42571232
Epoch: 18/350: loss=0.0031330914
learnrate degradated: 0.4219259
Epoch: 19/350: loss=0.0028441278
learnrate degradated: 0.41817325
Epoch: 20/350: loss=0.0025413346
learnrate degradated: 0.41445404
Epoch: 21/350: loss=0.0022288377
learnrate degradated: 0.410768
Epoch: 22/350: loss=0.0019390897
learnrate degradated: 0.40711483
Epoch: 23/350: loss=0.0017099786
learnrate degradated: 0.4034942
Epoch: 24/350: loss=0.0015676562
learnrate degradated: 0.3999059
Epoch: 25/350: loss=0.0014835587
learnrate degradated: 0.39634955
Epoch: 26/350: loss=0.0014160656
learnrate degradated: 0.3928249
Epoch: 27/350: loss=0.0013856532
learnrate degradated: 0.3893317
Epoch: 28/350: loss=0.0013650866
learnrate degradated: 0.3858696
Epoch: 29/350: loss=0.0013398314
learnrate degradated: 0.3824384
Epoch: 30/350: loss=0.0013027331
learnrate degradated: 0.3790378
Epoch: 31/350: loss=0.0012729876
learnrate degradated: 0.37566745
Epoch: 32/350: loss=0.0012557273
learnrate degradated: 0.37232724
Epoch: 33/350: loss=0.0012272458
learnrate degradated: 0.36901677
Epoch: 34/350: loss=0.001218518
learnrate degradated: 0.3657358
Epoch: 35/350: loss=0.0011962068
learnrate degradated: 0.3624841
Epoch: 36/350: loss=0.0011728529
learnrate degradated: 0.35926136
Epoch: 37/350: loss=0.0011583865
learnrate degradated: 0.35606736
Epoch: 38/350: loss=0.0011490167
learnrate degradated: 0.35290185
Epoch: 39/350: loss=0.0011376794
learnrate degradated: 0.3497646
Epoch: 40/350: loss=0.0011300088
learnrate degradated: 0.34665525
Epoch: 41/350: loss=0.001125599
learnrate degradated: 0.34357363
Epoch: 42/350: loss=0.0011045435
learnrate degradated: 0.34051952
Epoch: 43/350: loss=0.0010834635
learnrate degradated: 0.33749261
Epoch: 44/350: loss=0.0010722702
learnrate degradated: 0.3344927
Epoch: 45/350: loss=0.0010673621
learnrate degradated: 0.33151954
Epoch: 46/350: loss=0.0010617708
learnrate degradated: 0.32857287
Epoch: 47/350: loss=0.0010536772
learnrate degradated: 0.3256525
Epoch: 48/350: loss=0.0010456492
learnrate degradated: 0.32275814
Epoch: 49/350: loss=0.0010417923
learnrate degradated: 0.31988958
Epoch: 50/350: loss=0.0010340024
learnrate degradated: 0.31704658
Epoch: 51/350: loss=0.0010261069
learnrate degradated: 0.31422898
Epoch: 52/350: loss=0.0010231698
learnrate degradated: 0.31143644
Epoch: 53/350: loss=0.0010189483
learnrate degradated: 0.30866885
Epoch: 54/350: loss=0.0010165084
learnrate degradated: 0.30592588
Epoch: 55/350: loss=0.0010104231
learnrate degradated: 0.3032074
Epoch: 56/350: loss=0.0010013689
learnrate degradated: 0.30051315
Epoch: 57/350: loss=0.0009909945
learnrate degradated: 0.29784292
Epoch: 58/350: loss=0.0009813507
learnrate degradated: 0.29519647
Epoch: 59/350: loss=0.00097462325
learnrate degradated: 0.29257366
Epoch: 60/350: loss=0.0009696288
learnrate degradated: 0.2899742
Epoch: 61/350: loss=0.000960015
learnrate degradated: 0.28739792
Epoch: 62/350: loss=0.00094732974
learnrate degradated: 0.28484464
Epoch: 63/350: loss=0.0009436901
learnrate degradated: 0.28231406
Epoch: 64/350: loss=0.00094260275
learnrate degradated: 0.27980608
Epoch: 65/350: loss=0.00094154
learnrate degradated: 0.27732047
Epoch: 66/350: loss=0.0009393302
learnrate degradated: 0.27485698
Epoch: 67/350: loss=0.0009327986
learnrate degradated: 0.2724155
Epoch: 68/350: loss=0.0009274161
learnrate degradated: 0.26999575
Epoch: 69/350: loss=0.00092549395
learnrate degradated: 0.2675976
Epoch: 70/350: loss=0.00092464784
learnrate degradated: 0.2652208
Epoch: 71/350: loss=0.000923981
learnrate degradated: 0.26286525
Epoch: 72/350: loss=0.0009231795
learnrate degradated: 0.26053065
Epoch: 73/350: loss=0.0009217028
learnrate degradated: 0.25821683
Epoch: 74/350: loss=0.00091680436
learnrate degradated: 0.2559237
Epoch: 75/350: loss=0.0009019825
learnrate degradated: 0.253651
Epoch: 76/350: loss=0.00089953543
learnrate degradated: 0.25139856
Epoch: 77/350: loss=0.00089786504
learnrate degradated: 0.24916619
Epoch: 78/350: loss=0.0008901887
learnrate degradated: 0.24695373
Epoch: 79/350: loss=0.0008872666
learnrate degradated: 0.244761
Epoch: 80/350: loss=0.00088462315
learnrate degradated: 0.2425878
Epoch: 81/350: loss=0.00087921973
learnrate degradated: 0.24043399
Epoch: 82/350: loss=0.00087556604
learnrate degradated: 0.23829938
Epoch: 83/350: loss=0.00087462633
learnrate degradated: 0.23618379
Epoch: 84/350: loss=0.00087414065
learnrate degradated: 0.23408706
Epoch: 85/350: loss=0.000873729
learnrate degradated: 0.23200904
Epoch: 86/350: loss=0.00087328063
learnrate degradated: 0.22994955
Epoch: 87/350: loss=0.0008728709
learnrate degradated: 0.2279084
Epoch: 88/350: loss=0.000866215
learnrate degradated: 0.22588545
Epoch: 89/350: loss=0.00086529035
learnrate degradated: 0.22388054
Epoch: 90/350: loss=0.0008646084
learnrate degradated: 0.22189352
Epoch: 91/350: loss=0.00086320215
learnrate degradated: 0.2199242
Epoch: 92/350: loss=0.00085166417
learnrate degradated: 0.21797241
Epoch: 93/350: loss=0.0008494212
learnrate degradated: 0.21603806
Epoch: 94/350: loss=0.0008487086
learnrate degradated: 0.21412094
Epoch: 95/350: loss=0.00084843126
learnrate degradated: 0.21222092
Epoch: 96/350: loss=0.00084821595
learnrate degradated: 0.21033783
Epoch: 97/350: loss=0.0008480345
learnrate degradated: 0.20847154
Epoch: 98/350: loss=0.0008478756
learnrate degradated: 0.20662189
Epoch: 99/350: loss=0.00084773515
learnrate degradated: 0.2047887
Epoch: 100/350: loss=0.00084760756
learnrate degradated: 0.20297188
Epoch: 101/350: loss=0.00084749097
learnrate degradated: 0.20117126
Epoch: 102/350: loss=0.00084738387
learnrate degradated: 0.19938669
Epoch: 103/350: loss=0.0008472851
learnrate degradated: 0.19761801
Epoch: 104/350: loss=0.0008471919
learnrate degradated: 0.19586511
Epoch: 105/350: loss=0.0008471051
learnrate degradated: 0.19412784
Epoch: 106/350: loss=0.00084702263
learnrate degradated: 0.19240607
Epoch: 107/350: loss=0.0008469442
learnrate degradated: 0.19069962
Epoch: 108/350: loss=0.00084687216
learnrate degradated: 0.18900841
Epoch: 109/350: loss=0.00084680127
learnrate degradated: 0.18733227
Epoch: 110/350: loss=0.0008467352
learnrate degradated: 0.18567108
Epoch: 111/350: loss=0.0008466722
learnrate degradated: 0.18402468
Epoch: 112/350: loss=0.0008466112
learnrate degradated: 0.18239297
Epoch: 113/350: loss=0.00084655243
learnrate degradated: 0.1807758
Epoch: 114/350: loss=0.00084649626
learnrate degradated: 0.17917307
Epoch: 115/350: loss=0.00084644055
learnrate degradated: 0.17758462
Epoch: 116/350: loss=0.00084638863
learnrate degradated: 0.17601033
Epoch: 117/350: loss=0.0008463355
learnrate degradated: 0.17445005
Epoch: 118/350: loss=0.0008462879
learnrate degradated: 0.17290372
Epoch: 119/350: loss=0.00084623945
learnrate degradated: 0.17137115
Epoch: 120/350: loss=0.0008461921
learnrate degradated: 0.16985223
Epoch: 121/350: loss=0.00084614626
learnrate degradated: 0.16834688
Epoch: 122/350: loss=0.0008461004
learnrate degradated: 0.16685495
Epoch: 123/350: loss=0.00084605574
learnrate degradated: 0.1653763
Epoch: 124/350: loss=0.00084601063
learnrate degradated: 0.16391085
Epoch: 125/350: loss=0.00084596564
learnrate degradated: 0.16245845
Epoch: 126/350: loss=0.00084591965
learnrate degradated: 0.16101901
Epoch: 127/350: loss=0.00084587425
learnrate degradated: 0.1595924
Epoch: 128/350: loss=0.0008458238
learnrate degradated: 0.15817851
Epoch: 129/350: loss=0.00084577064
learnrate degradated: 0.15677723
Epoch: 130/350: loss=0.0008457109
learnrate degradated: 0.15538844
Epoch: 131/350: loss=0.00084563845
learnrate degradated: 0.15401202
Epoch: 132/350: loss=0.0008455384
learnrate degradated: 0.1526479
Epoch: 133/350: loss=0.0008453804
learnrate degradated: 0.1512959
Epoch: 134/350: loss=0.0008450469
learnrate degradated: 0.14995599
Epoch: 135/350: loss=0.00084397563
learnrate degradated: 0.148628
Epoch: 136/350: loss=0.0008389986
learnrate degradated: 0.14731187
Epoch: 137/350: loss=0.00083768764
learnrate degradated: 0.14600748
Epoch: 138/350: loss=0.00083755114
learnrate degradated: 0.1447147
Epoch: 139/350: loss=0.00083744153
learnrate degradated: 0.14343344
Epoch: 140/350: loss=0.0008373164
learnrate degradated: 0.1421636
Epoch: 141/350: loss=0.00083714194
learnrate degradated: 0.1409051
Epoch: 142/350: loss=0.0008368109
learnrate degradated: 0.13965781
Epoch: 143/350: loss=0.00083592266
learnrate degradated: 0.13842165
Epoch: 144/350: loss=0.0008316914
learnrate degradated: 0.13719651
Epoch: 145/350: loss=0.0008276778
learnrate degradated: 0.13598228
Epoch: 146/350: loss=0.0008227186
learnrate degradated: 0.13477887
Epoch: 147/350: loss=0.0008216891
learnrate degradated: 0.1335862
Epoch: 148/350: loss=0.00082136877
learnrate degradated: 0.13240415
Epoch: 149/350: loss=0.00082123745
learnrate degradated: 0.13123266
Epoch: 150/350: loss=0.0008211393
learnrate degradated: 0.1300716
Epoch: 151/350: loss=0.0008210616
learnrate degradated: 0.12892091
Epoch: 152/350: loss=0.0008209932
learnrate degradated: 0.12778045
Epoch: 153/350: loss=0.00082093524
learnrate degradated: 0.12665017
Epoch: 154/350: loss=0.000820881
learnrate degradated: 0.12552996
Epoch: 155/350: loss=0.0008208344
learnrate degradated: 0.124419756
Epoch: 156/350: loss=0.00082079
learnrate degradated: 0.12331943
Epoch: 157/350: loss=0.0008207487
learnrate degradated: 0.12222892
Epoch: 158/350: loss=0.0008207116
learnrate degradated: 0.121148154
Epoch: 159/350: loss=0.00082067586
learnrate degradated: 0.120077
Epoch: 160/350: loss=0.0008206434
learnrate degradated: 0.11901539
Epoch: 161/350: loss=0.00082061096
learnrate degradated: 0.117963254
Epoch: 162/350: loss=0.0008205819
learnrate degradated: 0.1169205
Epoch: 163/350: loss=0.0008205531
learnrate degradated: 0.11588704
Epoch: 164/350: loss=0.000820525
learnrate degradated: 0.114862785
Epoch: 165/350: loss=0.00082049955
learnrate degradated: 0.11384768
Epoch: 166/350: loss=0.00082047394
learnrate degradated: 0.11284162
Epoch: 167/350: loss=0.00082044996
learnrate degradated: 0.111844525
Epoch: 168/350: loss=0.00082042685
learnrate degradated: 0.11085632
Epoch: 169/350: loss=0.00082040345
learnrate degradated: 0.109876916
Epoch: 170/350: loss=0.00082038157
learnrate degradated: 0.10890625
Epoch: 171/350: loss=0.0008203593
learnrate degradated: 0.107944235
Epoch: 172/350: loss=0.0008203384
learnrate degradated: 0.10699081
Epoch: 173/350: loss=0.00082032004
learnrate degradated: 0.10604588
Epoch: 174/350: loss=0.0008203009
learnrate degradated: 0.10510937
Epoch: 175/350: loss=0.0008202825
learnrate degradated: 0.1041812
Epoch: 176/350: loss=0.00082026346
learnrate degradated: 0.10326132
Epoch: 177/350: loss=0.00082024507
learnrate degradated: 0.10234963
Epoch: 178/350: loss=0.0008202283
learnrate degradated: 0.10144607
Epoch: 179/350: loss=0.00082021113
learnrate degradated: 0.10055057
Epoch: 180/350: loss=0.00082019455
learnrate degradated: 0.099663064
Epoch: 181/350: loss=0.0008201794
learnrate degradated: 0.098783456
Epoch: 182/350: loss=0.0008201638
learnrate degradated: 0.09791169
Epoch: 183/350: loss=0.0008201481
learnrate degradated: 0.097047694
Epoch: 184/350: loss=0.0008201329
learnrate degradated: 0.096191406
Epoch: 185/350: loss=0.00082011934
learnrate degradated: 0.095342755
Epoch: 186/350: loss=0.0008201056
learnrate degradated: 0.09450166
Epoch: 187/350: loss=0.0008200911
learnrate degradated: 0.093668066
Epoch: 188/350: loss=0.00082007644
learnrate degradated: 0.092841916
Epoch: 189/350: loss=0.00082006346
learnrate degradated: 0.09202313
Epoch: 190/350: loss=0.0008200508
learnrate degradated: 0.09121163
Epoch: 191/350: loss=0.0008200379
learnrate degradated: 0.09040737
Epoch: 192/350: loss=0.00082002545
learnrate degradated: 0.08961028
Epoch: 193/350: loss=0.00082001236
learnrate degradated: 0.08882029
Epoch: 194/350: loss=0.0008200006
learnrate degradated: 0.08803736
Epoch: 195/350: loss=0.0008199895
learnrate degradated: 0.0872614
Epoch: 196/350: loss=0.00081997743
learnrate degradated: 0.08649236
Epoch: 197/350: loss=0.0008199664
learnrate degradated: 0.08573017
Epoch: 198/350: loss=0.0008199565
learnrate degradated: 0.08497478
Epoch: 199/350: loss=0.00081994437
learnrate degradated: 0.08422613
Epoch: 200/350: loss=0.00081993314
learnrate degradated: 0.08348414
Epoch: 201/350: loss=0.000819922
learnrate degradated: 0.08274878
Epoch: 202/350: loss=0.0008199116
learnrate degradated: 0.08201997
Epoch: 203/350: loss=0.000819901
learnrate degradated: 0.08129766
Epoch: 204/350: loss=0.00081989134
learnrate degradated: 0.080581784
Epoch: 205/350: loss=0.0008198808
learnrate degradated: 0.079872295
Epoch: 206/350: loss=0.0008198707
learnrate degradated: 0.079169124
Epoch: 207/350: loss=0.0008198607
learnrate degradated: 0.07847223
Epoch: 208/350: loss=0.0008198507
learnrate degradated: 0.07778154
Epoch: 209/350: loss=0.0008198413
learnrate degradated: 0.07709701
Epoch: 210/350: loss=0.0008198315
learnrate degradated: 0.0764186
Epoch: 211/350: loss=0.00081982184
learnrate degradated: 0.07574622
Epoch: 212/350: loss=0.0008198119
learnrate degradated: 0.07507984
Epoch: 213/350: loss=0.0008198029
learnrate degradated: 0.074419394
Epoch: 214/350: loss=0.00081979396
learnrate degradated: 0.073764846
Epoch: 215/350: loss=0.0008197853
learnrate degradated: 0.07311613
Epoch: 216/350: loss=0.00081977615
learnrate degradated: 0.0724732
Epoch: 217/350: loss=0.0008197677
learnrate degradated: 0.071836
Epoch: 218/350: loss=0.00081975845
learnrate degradated: 0.071204476
Epoch: 219/350: loss=0.00081974943
learnrate degradated: 0.07057858
Epoch: 220/350: loss=0.0008197412
learnrate degradated: 0.06995828
Epoch: 221/350: loss=0.00081973267
learnrate degradated: 0.0693435
Epoch: 222/350: loss=0.0008197242
learnrate degradated: 0.0687342
Epoch: 223/350: loss=0.0008197153
learnrate degradated: 0.06813033
Epoch: 224/350: loss=0.0008197058
learnrate degradated: 0.06753185
Epoch: 225/350: loss=0.00081969757
learnrate degradated: 0.06693869
Epoch: 226/350: loss=0.0008196899
learnrate degradated: 0.06635084
Epoch: 227/350: loss=0.000819681
learnrate degradated: 0.06576821
Epoch: 228/350: loss=0.0008196722
learnrate degradated: 0.06519081
Epoch: 229/350: loss=0.0008196645
learnrate degradated: 0.06461853
Epoch: 230/350: loss=0.00081965554
learnrate degradated: 0.06405135
Epoch: 231/350: loss=0.00081964635
learnrate degradated: 0.06348923
Epoch: 232/350: loss=0.00081963715
learnrate degradated: 0.06293212
Epoch: 233/350: loss=0.00081962807
learnrate degradated: 0.06237998
Epoch: 234/350: loss=0.0008196193
learnrate degradated: 0.06183276
Epoch: 235/350: loss=0.0008196098
learnrate degradated: 0.061290417
Epoch: 236/350: loss=0.0008195997
learnrate degradated: 0.060752917
Epoch: 237/350: loss=0.00081958965
learnrate degradated: 0.0602202
Epoch: 238/350: loss=0.000819579
learnrate degradated: 0.059692238
Epoch: 239/350: loss=0.0008195679
learnrate degradated: 0.059168983
Epoch: 240/350: loss=0.00081955676
learnrate degradated: 0.058650393
Epoch: 241/350: loss=0.0008195444
learnrate degradated: 0.058136422
Epoch: 242/350: loss=0.0008195311
learnrate degradated: 0.057627033
Epoch: 243/350: loss=0.0008195147
learnrate degradated: 0.057122204
Epoch: 244/350: loss=0.0008194989
learnrate degradated: 0.05662186
Epoch: 245/350: loss=0.00081948034
learnrate degradated: 0.056125976
Epoch: 246/350: loss=0.00081945845
learnrate degradated: 0.055634513
Epoch: 247/350: loss=0.0008194336
learnrate degradated: 0.05514743
Epoch: 248/350: loss=0.00081940205
learnrate degradated: 0.054664694
Epoch: 249/350: loss=0.00081936305
learnrate degradated: 0.05418626
Epoch: 250/350: loss=0.0008193105
learnrate degradated: 0.05371209
Epoch: 251/350: loss=0.00081923837
learnrate degradated: 0.053242147
Epoch: 252/350: loss=0.00081912975
learnrate degradated: 0.052776393
Epoch: 253/350: loss=0.0008189488
learnrate degradated: 0.052314796
Epoch: 254/350: loss=0.000818606
learnrate degradated: 0.05185731
Epoch: 255/350: loss=0.0008178318
learnrate degradated: 0.051403906
Epoch: 256/350: loss=0.00081583916
learnrate degradated: 0.05095454
Epoch: 257/350: loss=0.0008128633
learnrate degradated: 0.05050918
Epoch: 258/350: loss=0.00081227673
learnrate degradated: 0.050067805
Epoch: 259/350: loss=0.0008120981
learnrate degradated: 0.049630355
Epoch: 260/350: loss=0.0008119849
learnrate degradated: 0.049196802
Epoch: 261/350: loss=0.00081190385
learnrate degradated: 0.048767116
Epoch: 262/350: loss=0.00081184105
learnrate degradated: 0.04834126
Epoch: 263/350: loss=0.0008117903
learnrate degradated: 0.0479192
Epoch: 264/350: loss=0.00081174896
learnrate degradated: 0.0475009
Epoch: 265/350: loss=0.00081171276
learnrate degradated: 0.047086332
Epoch: 266/350: loss=0.0008116821
learnrate degradated: 0.046675462
Epoch: 267/350: loss=0.0008116548
learnrate degradated: 0.04626825
Epoch: 268/350: loss=0.00081163144
learnrate degradated: 0.04586468
Epoch: 269/350: loss=0.00081160903
learnrate degradated: 0.0454647
Epoch: 270/350: loss=0.0008115887
learnrate degradated: 0.045068283
Epoch: 271/350: loss=0.00081157195
learnrate degradated: 0.0446754
Epoch: 272/350: loss=0.00081155536
learnrate degradated: 0.044286035
Epoch: 273/350: loss=0.0008115402
learnrate degradated: 0.043900125
Epoch: 274/350: loss=0.000811526
learnrate degradated: 0.04351766
Epoch: 275/350: loss=0.00081151223
learnrate degradated: 0.043138605
Epoch: 276/350: loss=0.0008114995
learnrate degradated: 0.042762928
Epoch: 277/350: loss=0.00081148744
learnrate degradated: 0.0423906
Epoch: 278/350: loss=0.0008114754
learnrate degradated: 0.042021595
Epoch: 279/350: loss=0.0008114655
learnrate degradated: 0.041655876
Epoch: 280/350: loss=0.0008114553
learnrate degradated: 0.04129342
Epoch: 281/350: loss=0.00081144547
learnrate degradated: 0.04093419
Epoch: 282/350: loss=0.00081143604
learnrate degradated: 0.040578164
Epoch: 283/350: loss=0.00081142684
learnrate degradated: 0.040225316
Epoch: 284/350: loss=0.0008114182
learnrate degradated: 0.03987561
Epoch: 285/350: loss=0.0008114098
learnrate degradated: 0.03952903
Epoch: 286/350: loss=0.0008114015
learnrate degradated: 0.039185528
Epoch: 287/350: loss=0.0008113937
learnrate degradated: 0.038845107
Epoch: 288/350: loss=0.0008113858
learnrate degradated: 0.038507707
Epoch: 289/350: loss=0.0008113785
learnrate degradated: 0.038173314
Epoch: 290/350: loss=0.0008113711
learnrate degradated: 0.037841905
Epoch: 291/350: loss=0.0008113645
learnrate degradated: 0.03751345
Epoch: 292/350: loss=0.00081135775
learnrate degradated: 0.037187923
Epoch: 293/350: loss=0.00081135146
learnrate degradated: 0.0368653
Epoch: 294/350: loss=0.00081134547
learnrate degradated: 0.036545552
Epoch: 295/350: loss=0.00081133976
learnrate degradated: 0.036228653
Epoch: 296/350: loss=0.0008113327
learnrate degradated: 0.035914578
Epoch: 297/350: loss=0.0008113275
learnrate degradated: 0.035603307
Epoch: 298/350: loss=0.0008113205
learnrate degradated: 0.03529481
Epoch: 299/350: loss=0.00081131497
learnrate degradated: 0.034989063
Epoch: 300/350: loss=0.0008113096
learnrate degradated: 0.03468604
Epoch: 301/350: loss=0.0008113047
learnrate degradated: 0.03438572
Epoch: 302/350: loss=0.0008112986
learnrate degradated: 0.034088086
Epoch: 303/350: loss=0.0008112935
learnrate degradated: 0.033793095
Epoch: 304/350: loss=0.00081128866
learnrate degradated: 0.03350074
Epoch: 305/350: loss=0.00081128307
learnrate degradated: 0.033210985
Epoch: 306/350: loss=0.00081127835
learnrate degradated: 0.032923818
Epoch: 307/350: loss=0.00081127277
learnrate degradated: 0.032639205
Epoch: 308/350: loss=0.00081126834
learnrate degradated: 0.032357138
Epoch: 309/350: loss=0.0008112638
learnrate degradated: 0.032077577
Epoch: 310/350: loss=0.0008112595
learnrate degradated: 0.031800512
Epoch: 311/350: loss=0.0008112552
learnrate degradated: 0.03152592
Epoch: 312/350: loss=0.000811251
learnrate degradated: 0.031253774
Epoch: 313/350: loss=0.0008112466
learnrate degradated: 0.030984053
Epoch: 314/350: loss=0.0008112422
learnrate degradated: 0.030716738
Epoch: 315/350: loss=0.000811238
learnrate degradated: 0.030451804
Epoch: 316/350: loss=0.00081123365
learnrate degradated: 0.030189235
Epoch: 317/350: loss=0.00081122946
learnrate degradated: 0.029929012
Epoch: 318/350: loss=0.00081122585
learnrate degradated: 0.0296711
Epoch: 319/350: loss=0.00081122183
learnrate degradated: 0.029415492
Epoch: 320/350: loss=0.0008112179
learnrate degradated: 0.029162161
Epoch: 321/350: loss=0.0008112141
learnrate degradated: 0.028911088
Epoch: 322/350: loss=0.00081121013
learnrate degradated: 0.028662253
Epoch: 323/350: loss=0.0008112069
learnrate degradated: 0.028415637
Epoch: 324/350: loss=0.0008112025
learnrate degradated: 0.028171219
Epoch: 325/350: loss=0.00081119896
learnrate degradated: 0.027928982
Epoch: 326/350: loss=0.0008111952
learnrate degradated: 0.027688902
Epoch: 327/350: loss=0.00081119157
learnrate degradated: 0.027450964
Epoch: 328/350: loss=0.0008111883
learnrate degradated: 0.027215147
Epoch: 329/350: loss=0.00081118447
learnrate degradated: 0.02698143
Epoch: 330/350: loss=0.0008111806
learnrate degradated: 0.026749799
Epoch: 331/350: loss=0.00081117696
learnrate degradated: 0.02652024
Epoch: 332/350: loss=0.0008111737
learnrate degradated: 0.02629272
Epoch: 333/350: loss=0.0008111705
learnrate degradated: 0.026067229
Epoch: 334/350: loss=0.00081116747
learnrate degradated: 0.025843747
Epoch: 335/350: loss=0.00081116386
learnrate degradated: 0.025622258
Epoch: 336/350: loss=0.00081116066
learnrate degradated: 0.025402747
Epoch: 337/350: loss=0.0008111577
learnrate degradated: 0.02518519
Epoch: 338/350: loss=0.0008111545
learnrate degradated: 0.024969572
Epoch: 339/350: loss=0.00081115117
learnrate degradated: 0.024755877
Epoch: 340/350: loss=0.0008111481
learnrate degradated: 0.024544086
Epoch: 341/350: loss=0.000811145
learnrate degradated: 0.024334185
Epoch: 342/350: loss=0.0008111422
learnrate degradated: 0.024126155
Epoch: 343/350: loss=0.00081113924
learnrate degradated: 0.02391998
Epoch: 344/350: loss=0.0008111361
learnrate degradated: 0.023715641
Epoch: 345/350: loss=0.00081113353
learnrate degradated: 0.023513125
Epoch: 346/350: loss=0.0008111308
learnrate degradated: 0.023312422
Epoch: 347/350: loss=0.0008111277
learnrate degradated: 0.0231135
Epoch: 348/350: loss=0.000811125
learnrate degradated: 0.022916352
Epoch: 349/350: loss=0.0008111229
T10K loss=0.015991755
T10K accuracy: 98.14%
